{
  "schema": "thinkthen.result/1",
  "input": {
    "id": "T-101",
    "created": "2026-09-20",
    "body": "The login page rejects my new password after a reset."
  },
  "value": {
    "kind": "bug",
    "urgency": 1.16
  },
  "answers": {
    "kind": {
      "value": "bug",
      "question": {
        "verb": "choose",
        "text": "What kind of message is this?",
        "options": [
          "billing",
          "bug",
          "question"
        ]
      },
      "answer": {
        "kind": "choice",
        "pick": "bug",
        "probabilities": {
          "billing": 0.0,
          "bug": 0.98,
          "question": 0.02
        },
        "confidence": 0.97
      },
      "threshold": null,
      "request": "2b8b453ab77305d4fc6ad9ad306f7b4d4310643d55aa2ebc8dbda40cab6683ad"
    },
    "urgency": {
      "value": 1.16,
      "question": {
        "verb": "score",
        "text": "How urgent is this?",
        "levels": [
          "Routine.",
          "Soon.",
          "Immediate."
        ]
      },
      "answer": {
        "kind": "score",
        "level": "Soon.",
        "probabilities": {
          "Routine.": 0.09,
          "Soon.": 0.66,
          "Immediate.": 0.25
        },
        "confidence": 0.48
      },
      "threshold": null,
      "request": "2b8b453ab77305d4fc6ad9ad306f7b4d4310643d55aa2ebc8dbda40cab6683ad"
    }
  },
  "meta": {
    "tool": "thinkthen 0.0.1",
    "questions_sha256": "838dd01b19ad04e7d4a2d04aa87939db01807a41f520cdafdae6256e088d35f4",
    "url": "https://api.typesafe.ai/v1/systemone",
    "model": "jev-1.13.0",
    "usage": {
      "input_tokens": 345,
      "output_tokens": 54
    },
    "requests_sent": 0,
    "cached": true,
    "requests": [
      "2b8b453ab77305d4fc6ad9ad306f7b4d4310643d55aa2ebc8dbda40cab6683ad"
    ],
    "failed_questions": 0
  }
}
