{
  "schema": "thinkthen.result/1",
  "value": [
    "praise",
    "bug",
    "billing"
  ],
  "question": {
    "verb": "tag",
    "text": "Which labels fit this message?",
    "labels": [
      "praise",
      "bug",
      "billing"
    ]
  },
  "answer": {
    "kind": "tag",
    "probabilities": {
      "praise": 0.7,
      "bug": 0.94,
      "billing": 0.94
    }
  },
  "threshold": 0.5,
  "meta": {
    "tool": "thinkthen 0.0.1",
    "question_sha256": "e1a29b2a9f12da0d693f9162b0dac1a9efebe242343200adb2b54be25b4bf59f",
    "url": "https://api.typesafe.ai/v1/systemone",
    "model": "jev-1.13.0",
    "usage": {
      "input_tokens": 361,
      "output_tokens": 55
    },
    "requests_sent": 0,
    "cached": true,
    "requests": [
      "28a4ffe1c7073f47199333a768bf83b9fb0470b6f8cb643c49c13e72ddcc7b01"
    ],
    "failed_questions": 0
  }
}
