{
  "schema": "thinkthen.result/1",
  "value": "john",
  "question": {
    "verb": "choose",
    "text": "The text is the title of a song by the Beatles. Who sings the lead vocal on it?",
    "options": [
      "john",
      "paul",
      "george",
      "ringo"
    ]
  },
  "answer": {
    "kind": "choice",
    "pick": "john",
    "probabilities": {
      "john": 0.34,
      "paul": 0.2,
      "george": 0.14,
      "ringo": 0.32
    },
    "confidence": 0.11
  },
  "threshold": null,
  "meta": {
    "tool": "thinkthen 0.0.1",
    "question_sha256": "b5ae82757275400e42285b805a4b1f82a75397a3922afbbb5fd919f300aac130",
    "url": "https://api.typesafe.ai/v1/systemone",
    "model": "jev-1.13.0",
    "usage": {
      "input_tokens": 361,
      "output_tokens": 49
    },
    "requests_sent": 0,
    "cached": true,
    "requests": [
      "d97512bb946c96e69cbfbeffc91884b2f47f5fcdbeab7b42c953b94dffbef627"
    ],
    "failed_questions": 0
  }
}
