{
  "schema": "thinkthen.result/1",
  "value": true,
  "question": {
    "verb": "decide",
    "text": "The text is the title of a song by the Beatles. It appears on the album Abbey Road."
  },
  "answer": {
    "kind": "yes_no",
    "probability": 0.94
  },
  "threshold": 0.5,
  "meta": {
    "tool": "thinkthen 0.0.1",
    "question_sha256": "c86e44e03108f3d6661b935a895ee4b4c6e871497c8a703d43e17eb02beae7d4",
    "url": "https://api.typesafe.ai/v1/systemone",
    "model": "jev-1.13.0",
    "usage": {
      "input_tokens": 291,
      "output_tokens": 21
    },
    "requests_sent": 0,
    "cached": true,
    "requests": [
      "cbdf846695e413fe10f9d09a1d8763572a2ad637f685faaceb8efd37125ea392"
    ],
    "failed_questions": 0
  }
}
