{
  "schema": "thinkthen.result/1",
  "value": false,
  "question": {
    "verb": "decide",
    "text": "The text gives a catalog entry and then names a song by the Beatles. It appears on the album Abbey Road."
  },
  "answer": {
    "kind": "yes_no",
    "probability": 0.04
  },
  "threshold": 0.5,
  "meta": {
    "tool": "thinkthen 0.0.1",
    "question_sha256": "bc56f3ceb9987237f62bd5d3a0be9bb3f197d2bd83a044be56aa17027cd751a9",
    "url": "https://api.typesafe.ai/v1/systemone",
    "model": "jev-1.13.0",
    "usage": {
      "input_tokens": 368,
      "output_tokens": 21
    },
    "requests_sent": 0,
    "cached": true,
    "requests": [
      "8ca64947c8ae2993dc57d0caedbce545a4a3b59fc08b7f35b07ebb56840930b4"
    ],
    "failed_questions": 0
  }
}
