{
  "schema": "thinkthen.result/1",
  "value": "Ringo",
  "question": {
    "verb": "choose",
    "text": "The text is the title of a song by the Beatles. Who sings the lead vocal on it?",
    "options": [
      "John",
      "Paul",
      "George",
      "Ringo",
      "John and Paul duet"
    ]
  },
  "answer": {
    "kind": "choice",
    "pick": "Ringo",
    "probabilities": {
      "John": 0.01,
      "Paul": 0.02,
      "George": 0.13,
      "Ringo": 0.84,
      "John and Paul duet": 0.0
    },
    "confidence": 0.8
  },
  "threshold": null,
  "meta": {
    "tool": "thinkthen 0.0.1",
    "question_sha256": "bf263cae60e42236646e8d51baabfb69de28604b2f978fa09e688285ecdbf8fe",
    "url": "https://api.typesafe.ai/v1/systemone",
    "model": "jev-1.13.0",
    "usage": {
      "input_tokens": 329,
      "output_tokens": 58
    },
    "requests_sent": 0,
    "cached": true,
    "requests": [
      "a89aa6f468cdf6d03caa15eb2d3f1c469dbd90d74540355763d78f9fd0b97fd6"
    ],
    "failed_questions": 0
  }
}
