filter
{"input": "Refund policy", "source": {"file": "documents/01-policy.txt", "first_line": 1, "last_line": 1}, "value": true}
{"input": "Customers may request a refund within 30 days.", "source": {"file": "documents/01-policy.txt", "first_line": 2, "last_line": 2}, "value": true}
{"input": "Ada approves refunds for Acme.", "source": {"file": "documents/01-policy.txt", "first_line": 3, "last_line": 3}, "value": true}
rank
{"input": "Refund policy\nCustomers may request a refund within 30 days.\nAda approves refunds for Acme.\nBilling disputes require a receipt.\n", "source": {"file": "documents/01-policy.txt", "first_line": 1, "last_line": 4}, "value": 1}
{"input": "Support contract\nAcme provides support under this contract.\nAda reviews customer requests.\nAn urgent billing dispute needs attention today.\n", "source": {"file": "documents/02-contract.txt", "first_line": 1, "last_line": 4}, "value": 2}
find
{"value": "Customers may request a refund within 30 days.", "candidates": [{"index": 0, "input": "Refund policy", "probability": 0.0, "source": {"file": "documents/01-policy.txt", "first_line": 1, "last_line": 1}}, {"index": 1, "input": "Customers may request a refund within 30 days.", "probability": 1.0, "source": {"file": "documents/01-policy.txt", "first_line": 2, "last_line": 2}}, {"index": 2, "input": "Ada approves refunds for Acme.", "probability": 0.0, "source": {"file": "documents/01-policy.txt", "first_line": 3, "last_line": 3}}, {"index": 3, "input": "Billing disputes require a receipt.", "probability": 0.0, "source": {"file": "documents/01-policy.txt", "first_line": 4, "last_line": 4}}, {"index": 4, "input": "Support contract", "probability": 0.0, "source": {"file": "documents/02-contract.txt", "first_line": 1, "last_line": 1}}, {"index": 5, "input": "Acme provides support under this contract.", "probability": 0.0, "source": {"file": "documents/02-contract.txt", "first_line": 2, "last_line": 2}}, {"index": 6, "input": "Ada reviews customer requests.", "probability": 0.0, "source": {"file": "documents/02-contract.txt", "first_line": 3, "last_line": 3}}, {"index": 7, "input": "An urgent billing dispute needs attention today.", "probability": 0.0, "source": {"file": "documents/02-contract.txt", "first_line": 4, "last_line": 4}}]}
decide
{"input": "Refund policy\nCustomers may request a refund within 30 days.\nAda approves refunds for Acme.\nBilling disputes require a receipt.\n", "source": {"file": "documents/01-policy.txt", "first_line": 1, "last_line": 4}, "value": false}
{"input": "Support contract\nAcme provides support under this contract.\nAda reviews customer requests.\nAn urgent billing dispute needs attention today.\n", "source": {"file": "documents/02-contract.txt", "first_line": 1, "last_line": 4}, "value": true}
choose
{"input": "Refund policy\nCustomers may request a refund within 30 days.\nAda approves refunds for Acme.\nBilling disputes require a receipt.\n", "source": {"file": "documents/01-policy.txt", "first_line": 1, "last_line": 4}, "value": "billing"}
{"input": "Support contract\nAcme provides support under this contract.\nAda reviews customer requests.\nAn urgent billing dispute needs attention today.\n", "source": {"file": "documents/02-contract.txt", "first_line": 1, "last_line": 4}, "value": "support"}
tag
{"input": "Refund policy\nCustomers may request a refund within 30 days.\nAda approves refunds for Acme.\nBilling disputes require a receipt.\n", "source": {"file": "documents/01-policy.txt", "first_line": 1, "last_line": 4}, "value": ["refund", "contract"]}
{"input": "Support contract\nAcme provides support under this contract.\nAda reviews customer requests.\nAn urgent billing dispute needs attention today.\n", "source": {"file": "documents/02-contract.txt", "first_line": 1, "last_line": 4}, "value": ["refund", "contract"]}
score
{"input": "Refund policy\nCustomers may request a refund within 30 days.\nAda approves refunds for Acme.\nBilling disputes require a receipt.\n", "source": {"file": "documents/01-policy.txt", "first_line": 1, "last_line": 4}, "value": 0.8}
{"input": "Support contract\nAcme provides support under this contract.\nAda reviews customer requests.\nAn urgent billing dispute needs attention today.\n", "source": {"file": "documents/02-contract.txt", "first_line": 1, "last_line": 4}, "value": 0.8}
annotate
{"input": "Refund policy\nCustomers may request a refund within 30 days.\nAda approves refunds for Acme.\nBilling disputes require a receipt.\n", "source": {"file": "documents/01-policy.txt", "first_line": 1, "last_line": 4}, "value": {"contract": false, "urgent": false}}
{"input": "Support contract\nAcme provides support under this contract.\nAda reviews customer requests.\nAn urgent billing dispute needs attention today.\n", "source": {"file": "documents/02-contract.txt", "first_line": 1, "last_line": 4}, "value": {"contract": true, "urgent": true}}
recognize
{"input": "Refund policy\nCustomers may request a refund within 30 days.\nAda approves refunds for Acme.\nBilling disputes require a receipt.\n", "source": {"file": "documents/01-policy.txt", "first_line": 1, "last_line": 4}, "value": {"entities": [{"end": 6, "file": "documents/01-policy.txt", "first_line": 1, "kind": "person", "last_line": 1, "length": 6, "start": 0, "strength": 0.9, "text": "Refund"}, {"end": 23, "file": "documents/01-policy.txt", "first_line": 2, "kind": "person", "last_line": 2, "length": 9, "start": 14, "strength": 0.9, "text": "Customers"}, {"end": 64, "file": "documents/01-policy.txt", "first_line": 3, "kind": "person", "last_line": 3, "length": 3, "start": 61, "strength": 0.9, "text": "Ada"}, {"end": 90, "file": "documents/01-policy.txt", "first_line": 3, "kind": "organization", "last_line": 3, "length": 4, "start": 86, "strength": 0.9, "text": "Acme"}, {"end": 99, "file": "documents/01-policy.txt", "first_line": 4, "kind": "person", "last_line": 4, "length": 7, "start": 92, "strength": 0.9, "text": "Billing"}]}}
{"input": "Support contract\nAcme provides support under this contract.\nAda reviews customer requests.\nAn urgent billing dispute needs attention today.\n", "source": {"file": "documents/02-contract.txt", "first_line": 1, "last_line": 4}, "value": {"entities": [{"end": 7, "file": "documents/02-contract.txt", "first_line": 1, "kind": "person", "last_line": 1, "length": 7, "start": 0, "strength": 0.9, "text": "Support"}, {"end": 21, "file": "documents/02-contract.txt", "first_line": 2, "kind": "organization", "last_line": 2, "length": 4, "start": 17, "strength": 0.9, "text": "Acme"}, {"end": 63, "file": "documents/02-contract.txt", "first_line": 3, "kind": "person", "last_line": 3, "length": 3, "start": 60, "strength": 0.9, "text": "Ada"}, {"end": 93, "file": "documents/02-contract.txt", "first_line": 4, "kind": "person", "last_line": 4, "length": 2, "start": 91, "strength": 0.9, "text": "An"}]}}
relate
{"probability": 0.9, "relation": "connected", "source": {"file": "documents/01-policy.txt", "first_line": 1, "kind": "*", "last_line": 4, "name": "Refund policy\nCustomers may request a refund within 30 days.\nAda approves refunds for Acme.\nBilling disputes require a receipt.\n", "ordinal": 0, "record": "Refund policy\nCustomers may request a refund within 30 days.\nAda approves refunds for Acme.\nBilling disputes require a receipt.\n"}, "target": {"file": "documents/02-contract.txt", "first_line": 1, "kind": "*", "last_line": 4, "name": "Support contract\nAcme provides support under this contract.\nAda reviews customer requests.\nAn urgent billing dispute needs attention today.\n", "ordinal": 1, "record": "Support contract\nAcme provides support under this contract.\nAda reviews customer requests.\nAn urgent billing dispute needs attention today.\n"}}
{"probability": 0.9, "relation": "connected", "source": {"file": "documents/02-contract.txt", "first_line": 1, "kind": "*", "last_line": 4, "name": "Support contract\nAcme provides support under this contract.\nAda reviews customer requests.\nAn urgent billing dispute needs attention today.\n", "ordinal": 1, "record": "Support contract\nAcme provides support under this contract.\nAda reviews customer requests.\nAn urgent billing dispute needs attention today.\n"}, "target": {"file": "documents/01-policy.txt", "first_line": 1, "kind": "*", "last_line": 4, "name": "Refund policy\nCustomers may request a refund within 30 days.\nAda approves refunds for Acme.\nBilling disputes require a receipt.\n", "ordinal": 0, "record": "Refund policy\nCustomers may request a refund within 30 days.\nAda approves refunds for Acme.\nBilling disputes require a receipt.\n"}}
windows
{"input": "Refund policy\nCustomers may request a refund within 30 days.", "source": {"file": "documents/01-policy.txt", "first_line": 1, "last_line": 2}, "value": true}
{"input": "Ada approves refunds for Acme.\nBilling disputes require a receipt.", "source": {"file": "documents/01-policy.txt", "first_line": 3, "last_line": 4}, "value": true}
{"input": "Refund policy\nCustomers may request a refund within 30 days.", "source": {"file": "documents/01-policy.txt", "first_line": 1, "last_line": 2}, "value": true}
{"input": "Ada approves refunds for Acme.\nBilling disputes require a receipt.", "source": {"file": "documents/01-policy.txt", "first_line": 3, "last_line": 4}, "value": true}
