{
  "schema": "thinkthen.result/1",
  "value": "Refunds are issued within 30 days of purchase.",
  "question": {
    "verb": "find",
    "text": "Which line gives the refund deadline?",
    "none": false
  },
  "answer": {
    "kind": "find",
    "pick": "u002",
    "probabilities": {
      "u001": 0.0,
      "u002": 1.0,
      "u003": 0.0,
      "u004": 0.0
    },
    "confidence": 1.0
  },
  "threshold": null,
  "meta": {
    "tool": "thinkthen 0.0.1",
    "question_sha256": "fb97d2ac7e68da003ab81af9069fa7147aa5cbd830deb5f9e4e4f9cdb7ffc354",
    "url": "https://api.typesafe.ai/v1/systemone",
    "model": "jev-1.13.0",
    "usage": {
      "input_tokens": 399,
      "output_tokens": 61
    },
    "requests_sent": 0,
    "cached": true,
    "requests": [
      "cacceba2e34be11b0a9c0bc4455b9874b944e58c334833163b068c328480cc28"
    ],
    "failed_questions": 0
  }
}
