{
  "schema": "thinkthen.result/1",
  "value": {
    "entities": [
      {
        "name": "Ringo Starr",
        "kind": "person",
        "start": 0,
        "end": 11,
        "strength": 1.0
      },
      {
        "name": "Octopus's Garden",
        "kind": "song",
        "start": 18,
        "end": 34,
        "strength": 0.99
      },
      {
        "name": "Sardinia",
        "kind": "place",
        "start": 49,
        "end": 57,
        "strength": 0.98
      },
      {
        "name": "Abbey Road Studios",
        "kind": "place",
        "start": 87,
        "end": 105,
        "strength": 0.9735
      },
      {
        "name": "Abbey Road",
        "kind": "album",
        "start": 120,
        "end": 130,
        "strength": 0.9504
      }
    ]
  },
  "question": {
    "verb": "recognize",
    "kinds": {
      "person": null,
      "song": null,
      "album": null,
      "place": null
    },
    "threshold": 0.5,
    "relation_threshold": 0.5
  },
  "answer": {
    "tokens": [
      {
        "token": "Ringo",
        "detection_probability": 1.0,
        "kind_probabilities": [
          1.0,
          0.0,
          0.0,
          0.0
        ]
      },
      {
        "token": "Starr",
        "detection_probability": 1.0,
        "kind_probabilities": [
          1.0,
          0.0,
          0.0,
          0.0
        ]
      },
      {
        "token": "wrote",
        "detection_probability": 0.0,
        "kind_probabilities": [
          0.75,
          0.23,
          0.01,
          0.01
        ]
      },
      {
        "token": "Octopus's",
        "detection_probability": 0.99,
        "kind_probabilities": [
          0.0,
          1.0,
          0.0,
          0.0
        ]
      },
      {
        "token": "Garden",
        "detection_probability": 0.99,
        "kind_probabilities": [
          0.0,
          1.0,
          0.0,
          0.0
        ]
      },
      {
        "token": "on",
        "detection_probability": 0.0,
        "kind_probabilities": [
          0.02,
          0.74,
          0.01,
          0.23
        ]
      },
      {
        "token": "a",
        "detection_probability": 0.01,
        "kind_probabilities": [
          0.07,
          0.59,
          0.03,
          0.31
        ]
      },
      {
        "token": "boat",
        "detection_probability": 0.0,
        "kind_probabilities": [
          0.02,
          0.07,
          0.01,
          0.9
        ]
      },
      {
        "token": "off",
        "detection_probability": 0.0,
        "kind_probabilities": [
          0.01,
          0.01,
          0.0,
          0.98
        ]
      },
      {
        "token": "Sardinia",
        "detection_probability": 0.98,
        "kind_probabilities": [
          0.0,
          0.0,
          0.0,
          1.0
        ]
      },
      {
        "token": ",",
        "detection_probability": 0.0,
        "kind_probabilities": [
          0.02,
          0.05,
          0.02,
          0.91
        ]
      },
      {
        "token": "and",
        "detection_probability": 0.0,
        "kind_probabilities": [
          0.13,
          0.1,
          0.04,
          0.73
        ]
      },
      {
        "token": "the",
        "detection_probability": 0.01,
        "kind_probabilities": [
          0.55,
          0.19,
          0.15,
          0.11
        ]
      },
      {
        "token": "band",
        "detection_probability": 0.05,
        "kind_probabilities": [
          0.82,
          0.1,
          0.04,
          0.04
        ]
      },
      {
        "token": "recorded",
        "detection_probability": 0.0,
        "kind_probabilities": [
          0.18,
          0.19,
          0.06,
          0.57
        ]
      },
      {
        "token": "it",
        "detection_probability": 0.02,
        "kind_probabilities": [
          0.01,
          0.89,
          0.02,
          0.08
        ]
      },
      {
        "token": "at",
        "detection_probability": 0.0,
        "kind_probabilities": [
          0.0,
          0.01,
          0.01,
          0.98
        ]
      },
      {
        "token": "Abbey",
        "detection_probability": 0.99,
        "kind_probabilities": [
          0.0,
          0.0,
          0.02,
          0.98
        ]
      },
      {
        "token": "Road",
        "detection_probability": 1.0,
        "kind_probabilities": [
          0.0,
          0.0,
          0.03,
          0.97
        ]
      },
      {
        "token": "Studios",
        "detection_probability": 0.99,
        "kind_probabilities": [
          0.0,
          0.0,
          0.0,
          1.0
        ]
      },
      {
        "token": "for",
        "detection_probability": 0.0,
        "kind_probabilities": [
          0.01,
          0.03,
          0.36,
          0.6
        ]
      },
      {
        "token": "the",
        "detection_probability": 0.01,
        "kind_probabilities": [
          0.01,
          0.02,
          0.95,
          0.02
        ]
      },
      {
        "token": "album",
        "detection_probability": 0.04,
        "kind_probabilities": [
          0.0,
          0.01,
          0.99,
          0.0
        ]
      },
      {
        "token": "Abbey",
        "detection_probability": 0.99,
        "kind_probabilities": [
          0.0,
          0.0,
          0.98,
          0.02
        ]
      },
      {
        "token": "Road",
        "detection_probability": 0.99,
        "kind_probabilities": [
          0.0,
          0.0,
          0.94,
          0.06
        ]
      },
      {
        "token": ".",
        "detection_probability": 0.11,
        "kind_probabilities": [
          0.01,
          0.04,
          0.59,
          0.36
        ]
      }
    ]
  },
  "meta": {
    "tool": "thinkthen 0.0.1",
    "question_sha256": "805bcb2b6a91ed4c6d55551db2f5e14a36a2b670e5ffccd2282ff6e9e9ae7458",
    "url": "https://api.typesafe.ai/v1/systemone",
    "model": "jev-1.13.0",
    "usage": {
      "input_tokens": 8092,
      "output_tokens": 1918
    },
    "requests_sent": 0,
    "cached": true,
    "requests": [
      "008f06758743d354febec20448e67f0f6c5151bae64995491d1b175aa8f46e84"
    ],
    "failed_questions": 0
  }
}
