{
  "schema": "thinkthen.result/1",
  "value": "Love Me Do",
  "question": {
    "verb": "find",
    "text": "These are songs by the Beatles. Which one did they release first?",
    "none": false
  },
  "answer": {
    "kind": "find",
    "pick": "u005",
    "probabilities": {
      "u001": 0.01,
      "u002": 0.01,
      "u003": 0.08,
      "u004": 0.0,
      "u005": 0.63,
      "u006": 0.0,
      "u007": 0.27,
      "u008": 0.0,
      "u009": 0.0,
      "u010": 0.0
    },
    "confidence": 0.59
  },
  "threshold": null,
  "meta": {
    "tool": "thinkthen 0.0.1",
    "question_sha256": "2c7b2fdf33384770957d993671b331b8abee2ce9a122a383275dd8feb34afd09",
    "url": "https://api.typesafe.ai/v1/systemone",
    "model": "jev-1.13.0",
    "usage": {
      "input_tokens": 537,
      "output_tokens": 121
    },
    "requests_sent": 0,
    "cached": true,
    "requests": [
      "17b69566504695d3fa60f77aa0d4fe45b39633325dab094005444c41626cee19"
    ],
    "failed_questions": 0
  }
}
